{
    "from" : 0,
    "size" : 200,
    "_source" : {
        "includes" : [
            "account_number"
        ],
        "excludes" : [ ]
    },
    "script_fields" : {
        "test" : {
            "script" : {
                "source" : "if((doc['balance'].value >= 100 && doc['balance'].value <=200)){'aaa'} else {doc['balance'].value}",
                "lang" : "painless"
            },
            "ignore_failure" : false
        }
    }
}