{"from":0,"size":200,"_source":{"includes":["firstname"],"excludes":[]}}
