{
  "from": 0,
  "size": 200,
  "query": {
    "bool": {
      "filter": [
        {
          "bool": {
            "must": [
              {
                "range": {
                  "age": {
                    "from": 25,
                    "to": null,
                    "include_lower": false,
                    "include_upper": true,
                    "boost": 1.0
                  }
                }
              }
            ],
            "adjust_pure_negative": true,
            "boost": 1.0
          }
        },
        {
          "bool": {
            "filter": [
              {
                "range": {
                  "balance": {
                    "from": null,
                    "to": 30000,
                    "include_lower": true,
                    "include_upper": true,
                    "boost": 1.0
                  }
                }
              }
            ],
            "adjust_pure_negative": true,
            "boost": 1.0
          }
        }
      ],
      "adjust_pure_negative": true,
      "boost": 1.0
    }
  }
}