{
  "from": 0,
  "size": 200,
  "query": {
    "bool": {
      "filter": [
        {
          "bool": {
            "must": [
              {
                "term": {
                  "male": {
                    "value": true,
                    "boost": 1.0
                  }
                }
              }
            ],
            "adjust_pure_negative": true,
            "boost": 1.0
          }
        }
      ],
      "adjust_pure_negative": true,
      "boost": 1.0
    }
  }
}