// Jest Snapshot v1, https://goo.gl/fbAQLP

exports[`<Header /> spec renders the component 1`] = `
<div>
  <div>
    <hr
      class="euiHorizontalRule euiHorizontalRule--full"
    />
  </div>
</div>
`;
