{
  "root": {
    "name": "ProjectOperator",
    "description": {
      "fields": "[TABLE_CAT, TABLE_SCHEM, TABLE_NAME, TABLE_TYPE, REMARKS, TYPE_CAT, TYPE_SCHEM, TYPE_NAME, SELF_REFERENCING_COL_NAME, REF_GENERATION]"
    },
    "children": [
      {
        "name": "FilterOperator",
        "description": {
          "conditions": "like(TABLE_NAME, \"%\")"
        },
        "children": [
          {
            "name": "ElasticsearchSystemIndexScan",
            "description": {
              "request": "ElasticsearchCatIndicesRequest{}"
            },
            "children": []
          }
        ]
      }
    ]
  }
}