{
  "root": {
    "name": "ProjectOperator",
    "description": {
      "fields": "[account_number, firstname, address, balance, gender, city, employer, state, age, email, lastname]"
    },
    "children": [
      {
        "name": "ElasticsearchIndexScan",
        "description": {
          "request": "ElasticsearchQueryRequest(indexName\u003delasticsearch-sql_test_index_account, sourceBuilder\u003d{\"from\":0,\"size\":200,\"timeout\":\"1m\",\"query\":{\"bool\":{\"filter\":[{\"bool\":{\"filter\":[{\"range\":{\"balance\":{\"from\":10000,\"to\":null,\"include_lower\":false,\"include_upper\":true,\"boost\":1.0}}},{\"range\":{\"age\":{\"from\":null,\"to\":40,\"include_lower\":true,\"include_upper\":false,\"boost\":1.0}}}],\"adjust_pure_negative\":true,\"boost\":1.0}},{\"range\":{\"age\":{\"from\":30,\"to\":null,\"include_lower\":false,\"include_upper\":true,\"boost\":1.0}}}],\"adjust_pure_negative\":true,\"boost\":1.0}},\"sort\":[{\"_doc\":{\"order\":\"asc\"}}]}, searchDone\u003dfalse)"
        },
        "children": []
      }
    ]
  }
}